// Jest Snapshot v1, https://goo.gl/fbAQLP

exports[`ImageSlide renders 1`] = `
<img
  src={
    Array [
      "tools.jpg",
      "trough.jpg",
    ]
  }
  style={
    Object {
      "height": "auto",
      "width": "100%",
    }
  }
/>
`;
